[2026-08-06T12:09:03Z INFO  protocol::constants] Protocol constants v1:
[2026-08-06T12:09:03Z INFO  protocol::constants]   PACKET_PREFIX_BYTES      = 6
[2026-08-06T12:09:03Z INFO  protocol::constants]   VIDEO_CHUNK_HEADER_BYTES  = 36
[2026-08-06T12:09:03Z INFO  protocol::constants]   VIDEO_TOTAL_HEADER_BYTES  = 42
[2026-08-06T12:09:03Z INFO  protocol::constants]   MAX_VIDEO_PAYLOAD_BYTES   = 1358
[2026-08-06T12:09:03Z INFO  protocol::constants]   CURSOR_TOTAL_PACKET_BYTES = 35
[2026-08-06T12:09:03Z INFO  protocol::constants]   INPUT_TOTAL_PACKET_BYTES  = 28
[2026-08-06T12:09:03Z INFO  remote_display_client] Connecting to 192.168.50.125:9870
[2026-08-06T12:09:03Z INFO  net_transport::control_channel] Control channel connected to 192.168.50.125:9870
[2026-08-06T12:09:03Z INFO  net_transport::control_channel] Sent ModeRequest: 1920x1080@60000mHz
[2026-08-06T12:09:03Z INFO  net_transport::control_channel] ModeConfirm: 2160x3840, stream_id=2892431231, config_id=1, codec=0
[2026-08-06T12:09:03Z INFO  net_transport::control_channel] StreamingReady sent
[2026-08-06T12:09:03Z INFO  net_transport::video_receiver] Video receiver listening on UDP port 9871
[2026-08-06T12:09:03Z INFO  remote_display_client] Cursor receiver listening on UDP port 9873
[2026-08-06T12:09:03Z INFO  remote_display_client] Streaming active. Press Ctrl+C to stop.
[2026-08-06T12:09:03Z INFO  net_transport::video_receiver] First video packet: frame_id=0, chunk_id=0, size=1358B, stream_id=2892431231
[2026-08-06T12:09:03Z INFO  net_transport::video_receiver]   Frame meta: 2160x3840, total_chunks=667, total_bytes=905212, keyframe=true
[2026-08-06T12:09:03Z INFO  renderer] SDL2 displays: 1
[2026-08-06T12:09:03Z INFO  renderer]   Display 0: 'LS32D70xE 32"' at 2160x3840+0+0
[h264_cuvid @ 0x7c1468ce8c80] Invalid pkt_timebase, passing timestamps as-is.
[2026-08-06T12:09:03Z INFO  video_decode] H.264 CUVID decoder initialized (NVDEC hardware, RTX GPU)
[2026-08-06T12:09:03Z INFO  video_decode] Decoder → Recovering (keyframe fed)
[2026-08-06T12:09:03Z INFO  remote_display_client] First decoded frame: 2160x3840, decode 17.1ms
[2026-08-06T12:09:03Z INFO  renderer] Flash test on display 0 for 2 seconds...
[2026-08-06T12:09:03Z INFO  video_decode] Decoder → Healthy (5 clean frames)
[2026-08-06T12:09:04Z INFO  remote_display_client] Night Shift: warm_strength=50%
[2026-08-06T12:09:04Z INFO  remote_display_client] Decoded: 60 frames, 43.6 fps, avg decode 7.4ms
[2026-08-06T12:09:05Z INFO  renderer] Renderer ready on display 0 (2160x3840)
[2026-08-06T12:09:05Z INFO  input_capture] Input sender → 192.168.50.125:9872
[2026-08-06T12:09:05Z INFO  renderer] Texture cache: created 2160x3840
[2026-08-06T12:09:06Z INFO  remote_display_client] Decoded: 120 frames, 45.0 fps, avg decode 6.7ms
[2026-08-06T12:09:07Z INFO  remote_display_client] Decoded: 180 frames, 44.2 fps, avg decode 6.6ms
[2026-08-06T12:09:08Z INFO  remote_display_client] Decoded: 240 frames, 45.9 fps, avg decode 6.0ms
[2026-08-06T12:09:10Z INFO  remote_display_client] Decoded: 300 frames, 45.9 fps, avg decode 5.7ms
[2026-08-06T12:09:11Z INFO  remote_display_client] Decoded: 360 frames, 46.0 fps, avg decode 5.4ms
[2026-08-06T12:09:12Z INFO  remote_display_client] Decoded: 420 frames, 45.8 fps, avg decode 5.2ms
[2026-08-06T12:09:14Z INFO  remote_display_client] Decoded: 480 frames, 45.7 fps, avg decode 5.1ms
[2026-08-06T12:09:15Z INFO  remote_display_client] Decoded: 540 frames, 45.7 fps, avg decode 5.0ms
[2026-08-06T12:09:16Z INFO  remote_display_client] Decoded: 600 frames, 45.6 fps, avg decode 4.9ms
[2026-08-06T12:09:18Z INFO  remote_display_client] Decoded: 660 frames, 45.7 fps, avg decode 4.8ms
[2026-08-06T12:09:19Z INFO  remote_display_client] Decoded: 720 frames, 45.9 fps, avg decode 4.7ms
[2026-08-06T12:09:20Z INFO  remote_display_client] Decoded: 780 frames, 45.8 fps, avg decode 4.7ms
[2026-08-06T12:09:22Z INFO  remote_display_client] Decoded: 840 frames, 45.7 fps, avg decode 4.6ms
[2026-08-06T12:09:23Z INFO  remote_display_client] Decoded: 900 frames, 45.1 fps, avg decode 4.6ms
[2026-08-06T12:09:24Z INFO  remote_display_client] Decoded: 960 frames, 45.1 fps, avg decode 4.5ms
[2026-08-06T12:09:26Z INFO  remote_display_client] Decoded: 1020 frames, 45.2 fps, avg decode 4.5ms
[2026-08-06T12:09:27Z INFO  remote_display_client] Decoded: 1080 frames, 45.3 fps, avg decode 4.5ms
[2026-08-06T12:09:28Z INFO  remote_display_client] Decoded: 1140 frames, 45.4 fps, avg decode 4.4ms
[2026-08-06T12:09:30Z INFO  remote_display_client] Decoded: 1200 frames, 45.4 fps, avg decode 4.4ms
[2026-08-06T12:09:31Z INFO  remote_display_client] Decoded: 1260 frames, 45.5 fps, avg decode 4.4ms
[2026-08-06T12:09:32Z INFO  remote_display_client] Decoded: 1320 frames, 45.7 fps, avg decode 4.3ms
[2026-08-06T12:09:33Z INFO  remote_display_client] Decoded: 1380 frames, 45.6 fps, avg decode 4.3ms
[2026-08-06T12:09:35Z INFO  remote_display_client] Decoded: 1440 frames, 45.6 fps, avg decode 4.3ms
[2026-08-06T12:09:36Z INFO  remote_display_client] Decoded: 1500 frames, 45.5 fps, avg decode 4.2ms
[2026-08-06T12:09:38Z INFO  remote_display_client] Decoded: 1560 frames, 45.2 fps, avg decode 4.2ms
[2026-08-06T12:09:40Z INFO  remote_display_client] Decoded: 1620 frames, 44.3 fps, avg decode 4.3ms
[2026-08-06T12:09:41Z INFO  remote_display_client] Decoded: 1680 frames, 44.3 fps, avg decode 4.3ms
[2026-08-06T12:09:42Z INFO  remote_display_client] Decoded: 1740 frames, 44.4 fps, avg decode 4.2ms
[2026-08-06T12:09:44Z INFO  remote_display_client] Decoded: 1800 frames, 44.4 fps, avg decode 4.2ms
[2026-08-06T12:09:45Z INFO  remote_display_client] Decoded: 1860 frames, 44.4 fps, avg decode 4.2ms
[2026-08-06T12:09:46Z INFO  remote_display_client] Decoded: 1920 frames, 44.4 fps, avg decode 4.2ms
[2026-08-06T12:09:48Z INFO  remote_display_client] Decoded: 1980 frames, 44.4 fps, avg decode 4.2ms
[2026-08-06T12:09:49Z INFO  remote_display_client] Decoded: 2040 frames, 44.5 fps, avg decode 4.2ms
[2026-08-06T12:09:50Z INFO  remote_display_client] Decoded: 2100 frames, 44.6 fps, avg decode 4.2ms
[2026-08-06T12:09:51Z INFO  remote_display_client] Decoded: 2160 frames, 44.8 fps, avg decode 4.1ms
[2026-08-06T12:09:53Z INFO  remote_display_client] Decoded: 2220 frames, 44.7 fps, avg decode 4.1ms
[2026-08-06T12:09:55Z INFO  remote_display_client] Decoded: 2280 frames, 44.4 fps, avg decode 4.1ms
[2026-08-06T12:09:56Z INFO  remote_display_client] Decoded: 2340 frames, 44.5 fps, avg decode 4.1ms
[2026-08-06T12:09:57Z INFO  remote_display_client] Decoded: 2400 frames, 44.6 fps, avg decode 4.1ms
[2026-08-06T12:09:58Z INFO  remote_display_client] Decoded: 2460 frames, 44.9 fps, avg decode 4.1ms
[2026-08-06T12:09:59Z INFO  remote_display_client] Decoded: 2520 frames, 45.1 fps, avg decode 4.1ms
[2026-08-06T12:10:00Z INFO  remote_display_client] Decoded: 2580 frames, 45.3 fps, avg decode 4.1ms
[2026-08-06T12:10:01Z INFO  remote_display_client] Decoded: 2640 frames, 45.5 fps, avg decode 4.1ms
[2026-08-06T12:10:02Z INFO  remote_display_client] Decoded: 2700 frames, 45.7 fps, avg decode 4.1ms
[2026-08-06T12:10:03Z INFO  remote_display_client] Decoded: 2760 frames, 45.9 fps, avg decode 4.1ms
[2026-08-06T12:10:04Z INFO  remote_display_client] Decoded: 2820 frames, 46.1 fps, avg decode 4.2ms
[2026-08-06T12:10:05Z INFO  remote_display_client] Decoded: 2880 frames, 46.3 fps, avg decode 4.2ms
[2026-08-06T12:10:07Z INFO  remote_display_client] Decoded: 2940 frames, 46.4 fps, avg decode 4.2ms
[2026-08-06T12:10:08Z INFO  remote_display_client] Decoded: 3000 frames, 46.4 fps, avg decode 4.2ms
[2026-08-06T12:10:09Z INFO  remote_display_client] Decoded: 3060 frames, 46.5 fps, avg decode 4.2ms
[2026-08-06T12:10:10Z INFO  remote_display_client] Decoded: 3120 frames, 46.7 fps, avg decode 4.2ms
[2026-08-06T12:10:11Z INFO  remote_display_client] Decoded: 3180 frames, 46.6 fps, avg decode 4.2ms
[2026-08-06T12:10:13Z INFO  remote_display_client] Decoded: 3240 frames, 46.7 fps, avg decode 4.2ms
[2026-08-06T12:10:14Z INFO  remote_display_client] Decoded: 3300 frames, 46.8 fps, avg decode 4.2ms
[2026-08-06T12:10:15Z INFO  remote_display_client] Decoded: 3360 frames, 47.0 fps, avg decode 4.2ms
[2026-08-06T12:10:16Z INFO  remote_display_client] Decoded: 3420 frames, 47.1 fps, avg decode 4.2ms
[2026-08-06T12:10:17Z INFO  remote_display_client] Decoded: 3480 frames, 47.3 fps, avg decode 4.2ms
[2026-08-06T12:10:18Z INFO  remote_display_client] Decoded: 3540 frames, 47.4 fps, avg decode 4.2ms
[2026-08-06T12:10:19Z INFO  remote_display_client] Decoded: 3600 frames, 47.5 fps, avg decode 4.2ms
[2026-08-06T12:10:20Z INFO  remote_display_client] Decoded: 3660 frames, 47.6 fps, avg decode 4.2ms
[2026-08-06T12:10:21Z INFO  remote_display_client] Decoded: 3720 frames, 47.8 fps, avg decode 4.2ms
[2026-08-06T12:10:22Z INFO  remote_display_client] Decoded: 3780 frames, 47.8 fps, avg decode 4.2ms
[2026-08-06T12:10:23Z INFO  remote_display_client] Decoded: 3840 frames, 47.8 fps, avg decode 4.2ms
[2026-08-06T12:10:24Z INFO  remote_display_client] Decoded: 3900 frames, 48.0 fps, avg decode 4.2ms
[2026-08-06T12:10:26Z INFO  remote_display_client] Decoded: 3960 frames, 48.1 fps, avg decode 4.2ms
[2026-08-06T12:10:27Z INFO  remote_display_client] Decoded: 4020 frames, 48.1 fps, avg decode 4.2ms
[2026-08-06T12:10:28Z INFO  remote_display_client] Decoded: 4080 frames, 48.3 fps, avg decode 4.2ms
[2026-08-06T12:10:29Z INFO  remote_display_client] Decoded: 4140 frames, 48.4 fps, avg decode 4.2ms
[2026-08-06T12:10:30Z INFO  remote_display_client] Decoded: 4200 frames, 48.5 fps, avg decode 4.2ms
[2026-08-06T12:10:31Z INFO  remote_display_client] Decoded: 4260 frames, 48.6 fps, avg decode 4.2ms
[2026-08-06T12:10:32Z INFO  remote_display_client] Decoded: 4320 frames, 48.7 fps, avg decode 4.2ms
[2026-08-06T12:10:33Z INFO  remote_display_client] Decoded: 4380 frames, 48.8 fps, avg decode 4.2ms
[2026-08-06T12:10:34Z INFO  remote_display_client] Decoded: 4440 frames, 48.9 fps, avg decode 4.2ms
[2026-08-06T12:10:35Z INFO  remote_display_client] Decoded: 4500 frames, 49.0 fps, avg decode 4.2ms
[2026-08-06T12:10:36Z INFO  remote_display_client] Decoded: 4560 frames, 49.0 fps, avg decode 4.2ms
[2026-08-06T12:10:37Z INFO  remote_display_client] Decoded: 4620 frames, 49.0 fps, avg decode 4.2ms
[2026-08-06T12:10:39Z INFO  remote_display_client] Decoded: 4680 frames, 49.0 fps, avg decode 4.3ms
[2026-08-06T12:10:40Z INFO  remote_display_client] Decoded: 4740 frames, 49.1 fps, avg decode 4.3ms
[2026-08-06T12:10:41Z INFO  remote_display_client] Decoded: 4800 frames, 49.1 fps, avg decode 4.3ms
[2026-08-06T12:10:42Z INFO  remote_display_client] Decoded: 4860 frames, 49.2 fps, avg decode 4.3ms
[2026-08-06T12:10:43Z INFO  remote_display_client] Decoded: 4920 frames, 49.3 fps, avg decode 4.3ms
[2026-08-06T12:10:44Z INFO  remote_display_client] Decoded: 4980 frames, 49.4 fps, avg decode 4.3ms
[2026-08-06T12:10:45Z INFO  remote_display_client] Decoded: 5040 frames, 49.5 fps, avg decode 4.3ms
[2026-08-06T12:10:46Z INFO  remote_display_client] Decoded: 5100 frames, 49.5 fps, avg decode 4.3ms
[2026-08-06T12:10:47Z INFO  remote_display_client] Decoded: 5160 frames, 49.6 fps, avg decode 4.3ms
[2026-08-06T12:10:48Z INFO  remote_display_client] Decoded: 5220 frames, 49.6 fps, avg decode 4.3ms
[2026-08-06T12:10:49Z INFO  remote_display_client] Decoded: 5280 frames, 49.7 fps, avg decode 4.3ms
[2026-08-06T12:10:50Z INFO  remote_display_client] Decoded: 5340 frames, 49.8 fps, avg decode 4.3ms
[2026-08-06T12:10:51Z INFO  remote_display_client] Decoded: 5400 frames, 49.9 fps, avg decode 4.3ms
[2026-08-06T12:10:53Z INFO  remote_display_client] Decoded: 5460 frames, 49.9 fps, avg decode 4.3ms
[2026-08-06T12:10:54Z INFO  remote_display_client] Decoded: 5520 frames, 49.7 fps, avg decode 4.4ms
[2026-08-06T12:10:56Z INFO  remote_display_client] Decoded: 5580 frames, 49.6 fps, avg decode 4.4ms
[2026-08-06T12:10:57Z INFO  remote_display_client] Decoded: 5640 frames, 49.7 fps, avg decode 4.4ms
[2026-08-06T12:10:58Z INFO  remote_display_client] Decoded: 5700 frames, 49.7 fps, avg decode 4.4ms
[2026-08-06T12:10:59Z INFO  remote_display_client] Decoded: 5760 frames, 49.8 fps, avg decode 4.4ms
[2026-08-06T12:11:00Z INFO  remote_display_client] Decoded: 5820 frames, 49.9 fps, avg decode 4.4ms
[2026-08-06T12:11:01Z INFO  remote_display_client] Decoded: 5880 frames, 49.9 fps, avg decode 4.4ms
[2026-08-06T12:11:02Z INFO  remote_display_client] Decoded: 5940 frames, 49.9 fps, avg decode 4.4ms
[2026-08-06T12:11:03Z INFO  remote_display_client] Decoded: 6000 frames, 50.0 fps, avg decode 4.4ms
[2026-08-06T12:11:04Z INFO  remote_display_client] Decoded: 6060 frames, 50.0 fps, avg decode 4.4ms
[2026-08-06T12:11:05Z INFO  remote_display_client] Decoded: 6120 frames, 50.1 fps, avg decode 4.4ms
[2026-08-06T12:11:06Z INFO  remote_display_client] Decoded: 6180 frames, 50.1 fps, avg decode 4.4ms
[2026-08-06T12:11:08Z INFO  remote_display_client] Decoded: 6240 frames, 50.1 fps, avg decode 4.4ms
[2026-08-06T12:11:09Z INFO  remote_display_client] Decoded: 6300 frames, 50.1 fps, avg decode 4.4ms
[2026-08-06T12:11:10Z INFO  remote_display_client] Decoded: 6360 frames, 50.1 fps, avg decode 4.4ms
[2026-08-06T12:11:11Z INFO  remote_display_client] Decoded: 6420 frames, 50.2 fps, avg decode 4.4ms
[2026-08-06T12:11:12Z INFO  remote_display_client] Decoded: 6480 frames, 50.3 fps, avg decode 4.4ms
[2026-08-06T12:11:13Z INFO  remote_display_client] Decoded: 6540 frames, 50.3 fps, avg decode 4.4ms
[2026-08-06T12:11:14Z INFO  remote_display_client] Decoded: 6600 frames, 50.4 fps, avg decode 4.4ms
[2026-08-06T12:11:15Z INFO  remote_display_client] Decoded: 6660 frames, 50.4 fps, avg decode 4.4ms
[2026-08-06T12:11:16Z INFO  remote_display_client] Decoded: 6720 frames, 50.5 fps, avg decode 4.4ms
[2026-08-06T12:11:17Z INFO  remote_display_client] Decoded: 6780 frames, 50.5 fps, avg decode 4.4ms
[2026-08-06T12:11:19Z INFO  remote_display_client] Decoded: 6900 frames, 50.6 fps, avg decode 4.4ms
[2026-08-06T12:11:20Z INFO  remote_display_client] Decoded: 6960 frames, 50.7 fps, avg decode 4.4ms
[2026-08-06T12:11:21Z INFO  remote_display_client] Decoded: 7020 frames, 50.7 fps, avg decode 4.4ms
[2026-08-06T12:11:23Z INFO  remote_display_client] Decoded: 7080 frames, 50.7 fps, avg decode 4.4ms
[2026-08-06T12:11:24Z INFO  remote_display_client] Decoded: 7140 frames, 50.8 fps, avg decode 4.4ms
[2026-08-06T12:11:25Z INFO  remote_display_client] Decoded: 7200 frames, 50.8 fps, avg decode 4.4ms
[2026-08-06T12:11:26Z INFO  remote_display_client] Decoded: 7260 frames, 50.9 fps, avg decode 4.4ms
[2026-08-06T12:11:27Z INFO  remote_display_client] Decoded: 7320 frames, 50.9 fps, avg decode 4.4ms
[2026-08-06T12:11:28Z INFO  remote_display_client] Decoded: 7380 frames, 50.9 fps, avg decode 4.4ms
[2026-08-06T12:11:29Z INFO  remote_display_client] Decoded: 7440 frames, 51.0 fps, avg decode 4.4ms
[2026-08-06T12:11:30Z INFO  remote_display_client] Decoded: 7500 frames, 51.0 fps, avg decode 4.4ms
[2026-08-06T12:11:31Z INFO  remote_display_client] Decoded: 7560 frames, 51.1 fps, avg decode 4.4ms
[2026-08-06T12:11:32Z INFO  remote_display_client] Decoded: 7620 frames, 51.1 fps, avg decode 4.4ms
[2026-08-06T12:11:33Z INFO  remote_display_client] Decoded: 7680 frames, 51.2 fps, avg decode 4.4ms
[2026-08-06T12:11:34Z INFO  remote_display_client] Decoded: 7740 frames, 51.2 fps, avg decode 4.4ms
[2026-08-06T12:11:35Z INFO  remote_display_client] Decoded: 7800 frames, 51.2 fps, avg decode 4.4ms
[2026-08-06T12:11:36Z INFO  remote_display_client] Decoded: 7860 frames, 51.3 fps, avg decode 4.4ms
[2026-08-06T12:11:38Z INFO  remote_display_client] Decoded: 7920 frames, 51.2 fps, avg decode 4.4ms
[2026-08-06T12:11:39Z INFO  remote_display_client] Decoded: 7980 frames, 51.2 fps, avg decode 4.4ms
[2026-08-06T12:11:40Z INFO  remote_display_client] Decoded: 8040 frames, 51.3 fps, avg decode 4.4ms
[2026-08-06T12:11:41Z INFO  remote_display_client] Decoded: 8100 frames, 51.3 fps, avg decode 4.4ms
[2026-08-06T12:11:42Z INFO  remote_display_client] Decoded: 8160 frames, 51.3 fps, avg decode 4.4ms
[2026-08-06T12:11:43Z INFO  remote_display_client] Decoded: 8220 frames, 51.4 fps, avg decode 4.4ms
[2026-08-06T12:11:44Z INFO  remote_display_client] Decoded: 8280 frames, 51.4 fps, avg decode 4.4ms
[2026-08-06T12:11:45Z INFO  remote_display_client] Decoded: 8340 frames, 51.5 fps, avg decode 4.4ms
[2026-08-06T12:11:46Z INFO  remote_display_client] Decoded: 8400 frames, 51.5 fps, avg decode 4.4ms
[2026-08-06T12:11:47Z INFO  remote_display_client] Decoded: 8460 frames, 51.5 fps, avg decode 4.4ms
[2026-08-06T12:11:48Z INFO  remote_display_client] Decoded: 8520 frames, 51.6 fps, avg decode 4.4ms
[2026-08-06T12:11:49Z INFO  remote_display_client] Decoded: 8580 frames, 51.6 fps, avg decode 4.4ms
[2026-08-06T12:11:50Z INFO  remote_display_client] Decoded: 8640 frames, 51.6 fps, avg decode 4.4ms
[2026-08-06T12:11:52Z INFO  remote_display_client] Decoded: 8700 frames, 51.7 fps, avg decode 4.4ms
[2026-08-06T12:11:53Z INFO  remote_display_client] Decoded: 8760 frames, 51.6 fps, avg decode 4.4ms
[2026-08-06T12:11:54Z INFO  remote_display_client] Decoded: 8820 frames, 51.7 fps, avg decode 4.4ms
[2026-08-06T12:11:55Z INFO  remote_display_client] Decoded: 8880 frames, 51.7 fps, avg decode 4.4ms
[2026-08-06T12:11:56Z INFO  remote_display_client] Decoded: 8940 frames, 51.7 fps, avg decode 4.4ms
[2026-08-06T12:11:57Z INFO  remote_display_client] Decoded: 9000 frames, 51.8 fps, avg decode 4.4ms
[2026-08-06T12:11:58Z INFO  remote_display_client] Decoded: 9060 frames, 51.8 fps, avg decode 4.4ms
[2026-08-06T12:11:59Z INFO  remote_display_client] Decoded: 9120 frames, 51.8 fps, avg decode 4.4ms
[2026-08-06T12:12:00Z INFO  remote_display_client] Decoded: 9180 frames, 51.9 fps, avg decode 4.4ms
[2026-08-06T12:12:01Z INFO  remote_display_client] Decoded: 9240 frames, 51.9 fps, avg decode 4.4ms
[2026-08-06T12:12:02Z INFO  remote_display_client] Decoded: 9300 frames, 51.9 fps, avg decode 4.4ms
[2026-08-06T12:12:03Z INFO  remote_display_client] Decoded: 9360 frames, 52.0 fps, avg decode 4.4ms
[2026-08-06T12:12:04Z INFO  remote_display_client] Decoded: 9420 frames, 52.0 fps, avg decode 4.4ms
[2026-08-06T12:12:05Z INFO  remote_display_client] Decoded: 9480 frames, 52.0 fps, avg decode 4.4ms
[2026-08-06T12:12:06Z INFO  remote_display_client] Decoded: 9540 frames, 52.0 fps, avg decode 4.4ms
[2026-08-06T12:12:08Z INFO  remote_display_client] Decoded: 9600 frames, 52.0 fps, avg decode 4.4ms
[2026-08-06T12:12:09Z INFO  remote_display_client] Decoded: 9660 frames, 51.9 fps, avg decode 4.4ms
[2026-08-06T12:12:10Z INFO  remote_display_client] Decoded: 9720 frames, 51.9 fps, avg decode 4.4ms
[2026-08-06T12:12:11Z INFO  remote_display_client] Decoded: 9780 frames, 51.9 fps, avg decode 4.4ms
[2026-08-06T12:12:13Z INFO  remote_display_client] Decoded: 9840 frames, 52.0 fps, avg decode 4.4ms
[2026-08-06T12:12:14Z INFO  remote_display_client] Decoded: 9900 frames, 52.0 fps, avg decode 4.4ms
[2026-08-06T12:12:15Z INFO  remote_display_client] Decoded: 9960 frames, 52.0 fps, avg decode 4.4ms
[2026-08-06T12:12:16Z INFO  remote_display_client] Decoded: 10020 frames, 52.0 fps, avg decode 4.4ms
[2026-08-06T12:12:17Z INFO  remote_display_client] Decoded: 10080 frames, 52.1 fps, avg decode 4.4ms
[2026-08-06T12:12:18Z INFO  remote_display_client] Decoded: 10140 frames, 52.1 fps, avg decode 4.4ms
[2026-08-06T12:12:19Z INFO  remote_display_client] Decoded: 10200 frames, 52.1 fps, avg decode 4.4ms
[2026-08-06T12:12:20Z INFO  remote_display_client] Decoded: 10260 frames, 52.2 fps, avg decode 4.4ms
[2026-08-06T12:12:21Z INFO  remote_display_client] Decoded: 10320 frames, 52.2 fps, avg decode 4.4ms
[2026-08-06T12:12:22Z INFO  remote_display_client] Decoded: 10380 frames, 52.2 fps, avg decode 4.4ms
[2026-08-06T12:12:23Z INFO  remote_display_client] Decoded: 10440 frames, 52.2 fps, avg decode 4.4ms
[2026-08-06T12:12:24Z INFO  remote_display_client] Decoded: 10500 frames, 52.2 fps, avg decode 4.4ms
[2026-08-06T12:12:25Z INFO  remote_display_client] Decoded: 10560 frames, 52.2 fps, avg decode 4.4ms
[2026-08-06T12:12:27Z INFO  remote_display_client] Decoded: 10620 frames, 52.2 fps, avg decode 4.4ms
[2026-08-06T12:12:28Z INFO  remote_display_client] Decoded: 10680 frames, 52.2 fps, avg decode 4.4ms
[2026-08-06T12:12:29Z INFO  remote_display_client] Decoded: 10740 frames, 52.2 fps, avg decode 4.4ms
[2026-08-06T12:12:30Z INFO  remote_display_client] Decoded: 10800 frames, 52.3 fps, avg decode 4.4ms
[2026-08-06T12:12:31Z INFO  remote_display_client] Decoded: 10860 frames, 52.3 fps, avg decode 4.4ms
[2026-08-06T12:12:32Z INFO  remote_display_client] Decoded: 10920 frames, 52.3 fps, avg decode 4.4ms
[2026-08-06T12:12:33Z INFO  remote_display_client] Decoded: 10980 frames, 52.3 fps, avg decode 4.4ms
[2026-08-06T12:12:34Z INFO  remote_display_client] Decoded: 11040 frames, 52.3 fps, avg decode 4.4ms
[2026-08-06T12:12:35Z INFO  remote_display_client] Decoded: 11100 frames, 52.3 fps, avg decode 4.4ms
[2026-08-06T12:12:36Z INFO  remote_display_client] Decoded: 11160 frames, 52.4 fps, avg decode 4.4ms
[2026-08-06T12:12:38Z INFO  remote_display_client] Decoded: 11220 frames, 52.3 fps, avg decode 4.4ms
[2026-08-06T12:12:39Z INFO  remote_display_client] Decoded: 11280 frames, 52.3 fps, avg decode 4.4ms
[2026-08-06T12:12:40Z INFO  remote_display_client] Decoded: 11340 frames, 52.4 fps, avg decode 4.4ms
[2026-08-06T12:12:41Z INFO  remote_display_client] Decoded: 11400 frames, 52.4 fps, avg decode 4.4ms
[2026-08-06T12:12:42Z INFO  remote_display_client] Decoded: 11460 frames, 52.4 fps, avg decode 4.4ms
[2026-08-06T12:12:43Z INFO  remote_display_client] Decoded: 11520 frames, 52.4 fps, avg decode 4.4ms
[2026-08-06T12:12:44Z INFO  remote_display_client] Decoded: 11580 frames, 52.4 fps, avg decode 4.4ms
[2026-08-06T12:12:45Z INFO  remote_display_client] Decoded: 11640 frames, 52.4 fps, avg decode 4.4ms
[2026-08-06T12:12:46Z INFO  remote_display_client] Decoded: 11700 frames, 52.4 fps, avg decode 4.4ms
[2026-08-06T12:12:48Z INFO  remote_display_client] Decoded: 11760 frames, 52.4 fps, avg decode 4.4ms
[2026-08-06T12:12:49Z INFO  remote_display_client] Decoded: 11820 frames, 52.4 fps, avg decode 4.4ms
[2026-08-06T12:12:50Z INFO  remote_display_client] Decoded: 11880 frames, 52.4 fps, avg decode 4.4ms
[2026-08-06T12:12:51Z INFO  remote_display_client] Decoded: 11940 frames, 52.4 fps, avg decode 4.4ms
[2026-08-06T12:12:52Z INFO  remote_display_client] Decoded: 12000 frames, 52.4 fps, avg decode 4.4ms
[2026-08-06T12:12:53Z INFO  remote_display_client] Decoded: 12060 frames, 52.4 fps, avg decode 4.4ms
[2026-08-06T12:12:55Z INFO  remote_display_client] Decoded: 12120 frames, 52.3 fps, avg decode 4.4ms
[2026-08-06T12:12:56Z INFO  remote_display_client] Decoded: 12180 frames, 52.3 fps, avg decode 4.4ms
[2026-08-06T12:12:57Z INFO  remote_display_client] Decoded: 12240 frames, 52.4 fps, avg decode 4.4ms
[2026-08-06T12:12:58Z INFO  remote_display_client] Decoded: 12300 frames, 52.3 fps, avg decode 4.4ms
[2026-08-06T12:12:59Z INFO  remote_display_client] Decoded: 12360 frames, 52.3 fps, avg decode 4.4ms
[2026-08-06T12:13:00Z INFO  remote_display_client] Decoded: 12420 frames, 52.4 fps, avg decode 4.4ms
[2026-08-06T12:13:01Z INFO  remote_display_client] Decoded: 12480 frames, 52.4 fps, avg decode 4.4ms
[2026-08-06T12:13:02Z INFO  remote_display_client] Decoded: 12540 frames, 52.4 fps, avg decode 4.4ms
[2026-08-06T12:13:04Z INFO  remote_display_client] Decoded: 12600 frames, 52.4 fps, avg decode 4.4ms
[2026-08-06T12:13:05Z INFO  remote_display_client] Decoded: 12660 frames, 52.4 fps, avg decode 4.4ms
[2026-08-06T12:13:06Z INFO  remote_display_client] Decoded: 12720 frames, 52.5 fps, avg decode 4.4ms
[2026-08-06T12:13:07Z INFO  remote_display_client] Decoded: 12780 frames, 52.5 fps, avg decode 4.3ms
[2026-08-06T12:13:08Z INFO  remote_display_client] Decoded: 12840 frames, 52.4 fps, avg decode 4.3ms
[2026-08-06T12:13:09Z INFO  remote_display_client] Decoded: 12900 frames, 52.5 fps, avg decode 4.3ms
[2026-08-06T12:13:10Z INFO  remote_display_client] Decoded: 12960 frames, 52.5 fps, avg decode 4.3ms
[2026-08-06T12:13:11Z INFO  remote_display_client] Decoded: 13020 frames, 52.5 fps, avg decode 4.3ms
[2026-08-06T12:13:12Z INFO  remote_display_client] Decoded: 13080 frames, 52.5 fps, avg decode 4.3ms
[2026-08-06T12:13:13Z INFO  remote_display_client] Decoded: 13140 frames, 52.5 fps, avg decode 4.3ms
[2026-08-06T12:13:14Z INFO  remote_display_client] Decoded: 13200 frames, 52.5 fps, avg decode 4.4ms
[2026-08-06T12:13:15Z INFO  remote_display_client] Decoded: 13260 frames, 52.6 fps, avg decode 4.4ms
[2026-08-06T12:13:16Z INFO  remote_display_client] Decoded: 13320 frames, 52.6 fps, avg decode 4.4ms
[2026-08-06T12:13:17Z INFO  remote_display_client] Decoded: 13380 frames, 52.6 fps, avg decode 4.4ms
[2026-08-06T12:13:18Z INFO  remote_display_client] Decoded: 13440 frames, 52.6 fps, avg decode 4.4ms
[2026-08-06T12:13:20Z INFO  remote_display_client] Decoded: 13500 frames, 52.7 fps, avg decode 4.4ms
[2026-08-06T12:13:21Z INFO  remote_display_client] Decoded: 13560 frames, 52.7 fps, avg decode 4.4ms
[2026-08-06T12:13:22Z INFO  remote_display_client] Decoded: 13620 frames, 52.7 fps, avg decode 4.4ms
[2026-08-06T12:13:23Z INFO  remote_display_client] Decoded: 13680 frames, 52.7 fps, avg decode 4.4ms
[2026-08-06T12:13:24Z INFO  remote_display_client] Decoded: 13740 frames, 52.6 fps, avg decode 4.4ms
[2026-08-06T12:13:26Z INFO  remote_display_client] Decoded: 13800 frames, 52.6 fps, avg decode 4.4ms
[2026-08-06T12:13:27Z INFO  remote_display_client] Decoded: 13860 frames, 52.6 fps, avg decode 4.4ms
[2026-08-06T12:13:28Z INFO  remote_display_client] Decoded: 13920 frames, 52.6 fps, avg decode 4.4ms
[2026-08-06T12:13:29Z INFO  remote_display_client] Decoded: 13980 frames, 52.6 fps, avg decode 4.4ms
[2026-08-06T12:13:30Z INFO  remote_display_client] Decoded: 14040 frames, 52.6 fps, avg decode 4.4ms
[2026-08-06T12:13:31Z INFO  remote_display_client] Decoded: 14100 frames, 52.7 fps, avg decode 4.4ms
[2026-08-06T12:13:32Z INFO  remote_display_client] Decoded: 14160 frames, 52.7 fps, avg decode 4.4ms
[2026-08-06T12:13:33Z INFO  remote_display_client] Decoded: 14220 frames, 52.7 fps, avg decode 4.4ms
[2026-08-06T12:13:34Z INFO  remote_display_client] Decoded: 14280 frames, 52.7 fps, avg decode 4.4ms
[2026-08-06T12:13:35Z INFO  remote_display_client] Decoded: 14340 frames, 52.7 fps, avg decode 4.4ms
[2026-08-06T12:13:36Z INFO  remote_display_client] Decoded: 14400 frames, 52.7 fps, avg decode 4.4ms
[2026-08-06T12:13:37Z INFO  remote_display_client] Decoded: 14460 frames, 52.7 fps, avg decode 4.4ms
[2026-08-06T12:13:38Z INFO  remote_display_client] Decoded: 14520 frames, 52.7 fps, avg decode 4.4ms
[2026-08-06T12:13:39Z INFO  remote_display_client] Decoded: 14580 frames, 52.8 fps, avg decode 4.4ms
[2026-08-06T12:13:41Z INFO  remote_display_client] Decoded: 14640 frames, 52.8 fps, avg decode 4.4ms
[2026-08-06T12:13:42Z INFO  remote_display_client] Decoded: 14700 frames, 52.8 fps, avg decode 4.4ms
[2026-08-06T12:13:43Z INFO  remote_display_client] Decoded: 14760 frames, 52.8 fps, avg decode 4.4ms
[2026-08-06T12:13:44Z INFO  remote_display_client] Decoded: 14820 frames, 52.8 fps, avg decode 4.4ms
[2026-08-06T12:13:45Z INFO  remote_display_client] Decoded: 14880 frames, 52.8 fps, avg decode 4.4ms
[2026-08-06T12:13:46Z INFO  remote_display_client] Decoded: 14940 frames, 52.9 fps, avg decode 4.4ms
[2026-08-06T12:13:47Z INFO  remote_display_client] Decoded: 15000 frames, 52.9 fps, avg decode 4.4ms
[2026-08-06T12:13:48Z INFO  remote_display_client] Decoded: 15060 frames, 52.9 fps, avg decode 4.4ms
[2026-08-06T12:13:49Z INFO  remote_display_client] Decoded: 15120 frames, 52.9 fps, avg decode 4.4ms
[2026-08-06T12:13:50Z INFO  remote_display_client] Decoded: 15180 frames, 52.9 fps, avg decode 4.4ms
[2026-08-06T12:13:51Z INFO  remote_display_client] Decoded: 15240 frames, 52.9 fps, avg decode 4.4ms
[2026-08-06T12:13:52Z INFO  remote_display_client] Decoded: 15300 frames, 52.9 fps, avg decode 4.4ms
[2026-08-06T12:13:53Z INFO  remote_display_client] Decoded: 15360 frames, 52.9 fps, avg decode 4.4ms
[2026-08-06T12:13:54Z INFO  remote_display_client] Decoded: 15420 frames, 52.9 fps, avg decode 4.4ms
[2026-08-06T12:13:55Z INFO  remote_display_client] Decoded: 15480 frames, 53.0 fps, avg decode 4.4ms
[2026-08-06T12:13:56Z INFO  remote_display_client] Decoded: 15540 frames, 53.0 fps, avg decode 4.4ms
[2026-08-06T12:13:58Z INFO  remote_display_client] Decoded: 15600 frames, 53.0 fps, avg decode 4.4ms
[2026-08-06T12:13:59Z INFO  remote_display_client] Decoded: 15660 frames, 53.0 fps, avg decode 4.4ms
[2026-08-06T12:14:00Z INFO  remote_display_client] Decoded: 15720 frames, 53.0 fps, avg decode 4.4ms
[2026-08-06T12:14:01Z INFO  remote_display_client] Decoded: 15780 frames, 53.0 fps, avg decode 4.4ms
[2026-08-06T12:14:02Z INFO  remote_display_client] Decoded: 15840 frames, 53.0 fps, avg decode 4.3ms
[2026-08-06T12:14:03Z INFO  remote_display_client] Decoded: 15900 frames, 53.1 fps, avg decode 4.3ms
[2026-08-06T12:14:04Z INFO  remote_display_client] Decoded: 15960 frames, 53.1 fps, avg decode 4.3ms
[2026-08-06T12:14:05Z INFO  remote_display_client] Decoded: 16020 frames, 53.1 fps, avg decode 4.3ms
[2026-08-06T12:14:06Z INFO  remote_display_client] Decoded: 16080 frames, 53.1 fps, avg decode 4.3ms
[2026-08-06T12:14:08Z INFO  remote_display_client] Decoded: 16200 frames, 53.1 fps, avg decode 4.3ms
[2026-08-06T12:14:10Z INFO  remote_display_client] Decoded: 16260 frames, 53.1 fps, avg decode 4.3ms
[2026-08-06T12:14:11Z INFO  remote_display_client] Decoded: 16320 frames, 53.1 fps, avg decode 4.3ms
[2026-08-06T12:14:12Z INFO  remote_display_client] Decoded: 16380 frames, 53.1 fps, avg decode 4.3ms
[2026-08-06T12:14:13Z INFO  remote_display_client] Decoded: 16440 frames, 53.1 fps, avg decode 4.3ms
[2026-08-06T12:14:14Z INFO  remote_display_client] Decoded: 16500 frames, 53.1 fps, avg decode 4.3ms
[2026-08-06T12:14:15Z INFO  remote_display_client] Decoded: 16560 frames, 53.1 fps, avg decode 4.3ms
[2026-08-06T12:14:16Z INFO  remote_display_client] Decoded: 16620 frames, 53.1 fps, avg decode 4.3ms
[2026-08-06T12:14:17Z INFO  remote_display_client] Decoded: 16680 frames, 53.1 fps, avg decode 4.3ms
[2026-08-06T12:14:18Z INFO  remote_display_client] Decoded: 16740 frames, 53.2 fps, avg decode 4.3ms
[2026-08-06T12:14:19Z INFO  remote_display_client] Decoded: 16800 frames, 53.2 fps, avg decode 4.3ms
[2026-08-06T12:14:20Z INFO  remote_display_client] Decoded: 16860 frames, 53.2 fps, avg decode 4.3ms
[2026-08-06T12:14:21Z INFO  remote_display_client] Decoded: 16920 frames, 53.2 fps, avg decode 4.3ms
[2026-08-06T12:14:23Z INFO  remote_display_client] Decoded: 16980 frames, 53.1 fps, avg decode 4.3ms
[2026-08-06T12:14:24Z INFO  remote_display_client] Decoded: 17040 frames, 53.1 fps, avg decode 4.3ms
[2026-08-06T12:14:25Z INFO  remote_display_client] Decoded: 17100 frames, 53.1 fps, avg decode 4.3ms
[2026-08-06T12:14:26Z INFO  remote_display_client] Decoded: 17160 frames, 53.1 fps, avg decode 4.3ms
[2026-08-06T12:14:27Z INFO  remote_display_client] Decoded: 17220 frames, 53.2 fps, avg decode 4.3ms
[2026-08-06T12:14:28Z INFO  remote_display_client] Decoded: 17280 frames, 53.2 fps, avg decode 4.3ms
[2026-08-06T12:14:29Z INFO  remote_display_client] Decoded: 17340 frames, 53.2 fps, avg decode 4.3ms
[2026-08-06T12:14:30Z INFO  remote_display_client] Decoded: 17400 frames, 53.2 fps, avg decode 4.3ms
[2026-08-06T12:14:32Z INFO  remote_display_client] Decoded: 17460 frames, 53.2 fps, avg decode 4.3ms
[2026-08-06T12:14:33Z INFO  remote_display_client] Decoded: 17520 frames, 53.2 fps, avg decode 4.3ms
[2026-08-06T12:14:34Z INFO  remote_display_client] Decoded: 17580 frames, 53.2 fps, avg decode 4.3ms
[2026-08-06T12:14:35Z INFO  remote_display_client] Decoded: 17640 frames, 53.2 fps, avg decode 4.3ms
[2026-08-06T12:14:36Z INFO  remote_display_client] Decoded: 17700 frames, 53.2 fps, avg decode 4.3ms
[2026-08-06T12:14:37Z INFO  remote_display_client] Decoded: 17760 frames, 53.2 fps, avg decode 4.3ms
[2026-08-06T12:14:39Z INFO  remote_display_client] Decoded: 17820 frames, 53.1 fps, avg decode 4.3ms
[2026-08-06T12:14:40Z INFO  remote_display_client] Decoded: 17880 frames, 53.0 fps, avg decode 4.4ms
[2026-08-06T12:14:41Z INFO  remote_display_client] Decoded: 17940 frames, 53.0 fps, avg decode 4.4ms
[2026-08-06T12:14:43Z INFO  remote_display_client] Decoded: 18000 frames, 53.0 fps, avg decode 4.4ms
[2026-08-06T12:14:44Z INFO  remote_display_client] Decoded: 18060 frames, 53.0 fps, avg decode 4.4ms
[2026-08-06T12:14:45Z INFO  remote_display_client] Decoded: 18120 frames, 53.0 fps, avg decode 4.4ms
[2026-08-06T12:14:46Z INFO  remote_display_client] Decoded: 18180 frames, 53.0 fps, avg decode 4.4ms
[2026-08-06T12:14:47Z INFO  remote_display_client] Decoded: 18240 frames, 53.0 fps, avg decode 4.4ms
[2026-08-06T12:14:48Z INFO  remote_display_client] Decoded: 18300 frames, 53.0 fps, avg decode 4.4ms
[2026-08-06T12:14:49Z INFO  remote_display_client] Decoded: 18360 frames, 53.0 fps, avg decode 4.4ms
[2026-08-06T12:14:50Z INFO  remote_display_client] Decoded: 18420 frames, 53.0 fps, avg decode 4.4ms
[2026-08-06T12:14:51Z INFO  remote_display_client] Decoded: 18480 frames, 53.1 fps, avg decode 4.4ms
[2026-08-06T12:14:53Z INFO  remote_display_client] Decoded: 18540 frames, 53.0 fps, avg decode 4.4ms
[2026-08-06T12:14:54Z INFO  remote_display_client] Decoded: 18600 frames, 53.0 fps, avg decode 4.4ms
[2026-08-06T12:14:55Z INFO  remote_display_client] Decoded: 18660 frames, 53.1 fps, avg decode 4.4ms
[2026-08-06T12:14:56Z INFO  remote_display_client] Decoded: 18720 frames, 53.1 fps, avg decode 4.4ms
[2026-08-06T12:14:57Z INFO  remote_display_client] Decoded: 18780 frames, 53.1 fps, avg decode 4.4ms
[2026-08-06T12:14:58Z INFO  remote_display_client] Decoded: 18840 frames, 53.1 fps, avg decode 4.4ms
[2026-08-06T12:14:59Z INFO  remote_display_client] Decoded: 18900 frames, 53.1 fps, avg decode 4.4ms
[2026-08-06T12:15:00Z INFO  remote_display_client] Decoded: 18960 frames, 53.1 fps, avg decode 4.4ms
[2026-08-06T12:15:01Z INFO  remote_display_client] Decoded: 19020 frames, 53.1 fps, avg decode 4.4ms
[2026-08-06T12:15:02Z INFO  remote_display_client] Decoded: 19080 frames, 53.1 fps, avg decode 4.4ms
[2026-08-06T12:15:03Z INFO  remote_display_client] Decoded: 19140 frames, 53.1 fps, avg decode 4.3ms
[2026-08-06T12:15:04Z INFO  remote_display_client] Decoded: 19200 frames, 53.2 fps, avg decode 4.3ms
[2026-08-06T12:15:05Z INFO  remote_display_client] Decoded: 19260 frames, 53.2 fps, avg decode 4.3ms
[2026-08-06T12:15:06Z INFO  remote_display_client] Decoded: 19320 frames, 53.2 fps, avg decode 4.3ms
[2026-08-06T12:15:08Z INFO  remote_display_client] Decoded: 19380 frames, 53.1 fps, avg decode 4.3ms
[2026-08-06T12:15:09Z INFO  remote_display_client] Decoded: 19440 frames, 53.1 fps, avg decode 4.3ms
[2026-08-06T12:15:10Z INFO  remote_display_client] Decoded: 19500 frames, 53.1 fps, avg decode 4.3ms
[2026-08-06T12:15:11Z INFO  remote_display_client] Decoded: 19560 frames, 53.2 fps, avg decode 4.3ms
[2026-08-06T12:15:12Z INFO  remote_display_client] Decoded: 19620 frames, 53.2 fps, avg decode 4.3ms
[2026-08-06T12:15:13Z INFO  remote_display_client] Decoded: 19680 frames, 53.2 fps, avg decode 4.3ms
[2026-08-06T12:15:14Z INFO  remote_display_client] Decoded: 19740 frames, 53.2 fps, avg decode 4.3ms
[2026-08-06T12:15:15Z INFO  remote_display_client] Decoded: 19800 frames, 53.2 fps, avg decode 4.3ms
[2026-08-06T12:15:16Z INFO  remote_display_client] Decoded: 19860 frames, 53.2 fps, avg decode 4.3ms
[2026-08-06T12:15:17Z INFO  remote_display_client] Decoded: 19920 frames, 53.2 fps, avg decode 4.3ms
[2026-08-06T12:15:19Z INFO  remote_display_client] Decoded: 19980 frames, 53.2 fps, avg decode 4.3ms
[2026-08-06T12:15:20Z INFO  remote_display_client] Decoded: 20040 frames, 53.2 fps, avg decode 4.3ms
[2026-08-06T12:15:21Z INFO  remote_display_client] Decoded: 20100 frames, 53.2 fps, avg decode 4.3ms
[2026-08-06T12:15:22Z INFO  remote_display_client] Decoded: 20160 frames, 53.2 fps, avg decode 4.3ms
[2026-08-06T12:15:23Z INFO  remote_display_client] Decoded: 20220 frames, 53.2 fps, avg decode 4.3ms
[2026-08-06T12:15:24Z INFO  remote_display_client] Decoded: 20280 frames, 53.2 fps, avg decode 4.3ms
[2026-08-06T12:15:25Z INFO  remote_display_client] Decoded: 20340 frames, 53.2 fps, avg decode 4.3ms
[2026-08-06T12:15:26Z INFO  remote_display_client] Decoded: 20400 frames, 53.2 fps, avg decode 4.3ms
[2026-08-06T12:15:27Z INFO  remote_display_client] Decoded: 20460 frames, 53.2 fps, avg decode 4.3ms
[2026-08-06T12:15:28Z INFO  remote_display_client] Decoded: 20520 frames, 53.3 fps, avg decode 4.3ms
[2026-08-06T12:15:29Z INFO  remote_display_client] Decoded: 20580 frames, 53.3 fps, avg decode 4.3ms
[2026-08-06T12:15:31Z INFO  remote_display_client] Decoded: 20640 frames, 53.3 fps, avg decode 4.3ms
[2026-08-06T12:15:32Z INFO  remote_display_client] Decoded: 20700 frames, 53.3 fps, avg decode 4.3ms
[2026-08-06T12:15:33Z INFO  remote_display_client] Decoded: 20760 frames, 53.3 fps, avg decode 4.3ms
[2026-08-06T12:15:34Z INFO  remote_display_client] Decoded: 20820 frames, 53.3 fps, avg decode 4.3ms
[2026-08-06T12:15:35Z INFO  remote_display_client] Decoded: 20880 frames, 53.3 fps, avg decode 4.3ms
[2026-08-06T12:15:36Z INFO  remote_display_client] Decoded: 20940 frames, 53.3 fps, avg decode 4.3ms
[2026-08-06T12:15:37Z INFO  remote_display_client] Decoded: 21000 frames, 53.3 fps, avg decode 4.3ms
[2026-08-06T12:15:38Z INFO  remote_display_client] Decoded: 21060 frames, 53.3 fps, avg decode 4.4ms
[2026-08-06T12:15:39Z INFO  remote_display_client] Decoded: 21120 frames, 53.3 fps, avg decode 4.4ms
[2026-08-06T12:15:40Z INFO  remote_display_client] Decoded: 21180 frames, 53.3 fps, avg decode 4.4ms
[2026-08-06T12:15:42Z INFO  remote_display_client] Decoded: 21240 frames, 53.3 fps, avg decode 4.4ms
[2026-08-06T12:15:43Z INFO  remote_display_client] Decoded: 21300 frames, 53.3 fps, avg decode 4.4ms
[2026-08-06T12:15:44Z INFO  remote_display_client] Decoded: 21360 frames, 53.3 fps, avg decode 4.4ms
[2026-08-06T12:15:45Z INFO  remote_display_client] Decoded: 21420 frames, 53.3 fps, avg decode 4.4ms
[2026-08-06T12:15:46Z INFO  remote_display_client] Decoded: 21480 frames, 53.4 fps, avg decode 4.4ms
[2026-08-06T12:15:47Z INFO  remote_display_client] Decoded: 21540 frames, 53.4 fps, avg decode 4.4ms
[2026-08-06T12:15:48Z INFO  remote_display_client] Decoded: 21600 frames, 53.4 fps, avg decode 4.4ms
[2026-08-06T12:15:49Z INFO  remote_display_client] Decoded: 21660 frames, 53.4 fps, avg decode 4.4ms
[2026-08-06T12:15:50Z INFO  remote_display_client] Decoded: 21720 frames, 53.4 fps, avg decode 4.4ms
[2026-08-06T12:15:51Z INFO  remote_display_client] Decoded: 21780 frames, 53.4 fps, avg decode 4.4ms
[2026-08-06T12:15:52Z INFO  remote_display_client] Decoded: 21840 frames, 53.4 fps, avg decode 4.4ms
[2026-08-06T12:15:54Z INFO  remote_display_client] Decoded: 21900 frames, 53.3 fps, avg decode 4.4ms
[2026-08-06T12:15:55Z INFO  remote_display_client] Decoded: 21960 frames, 53.3 fps, avg decode 4.4ms
[2026-08-06T12:15:56Z INFO  remote_display_client] Decoded: 22020 frames, 53.3 fps, avg decode 4.4ms
[2026-08-06T12:15:57Z INFO  remote_display_client] Decoded: 22080 frames, 53.3 fps, avg decode 4.4ms
[2026-08-06T12:15:58Z INFO  remote_display_client] Decoded: 22140 frames, 53.3 fps, avg decode 4.3ms
[2026-08-06T12:15:59Z INFO  remote_display_client] Decoded: 22200 frames, 53.3 fps, avg decode 4.3ms
[2026-08-06T12:16:00Z INFO  remote_display_client] Decoded: 22260 frames, 53.4 fps, avg decode 4.3ms
[2026-08-06T12:16:01Z INFO  remote_display_client] Decoded: 22320 frames, 53.4 fps, avg decode 4.3ms
[2026-08-06T12:16:02Z INFO  remote_display_client] Decoded: 22380 frames, 53.4 fps, avg decode 4.3ms
[2026-08-06T12:16:03Z INFO  remote_display_client] Decoded: 22440 frames, 53.4 fps, avg decode 4.3ms
[2026-08-06T12:16:05Z INFO  remote_display_client] Decoded: 22500 frames, 53.4 fps, avg decode 4.3ms
[2026-08-06T12:16:06Z INFO  remote_display_client] Decoded: 22560 frames, 53.4 fps, avg decode 4.3ms
[2026-08-06T12:16:07Z INFO  remote_display_client] Decoded: 22620 frames, 53.4 fps, avg decode 4.3ms
[2026-08-06T12:16:08Z INFO  remote_display_client] Decoded: 22680 frames, 53.4 fps, avg decode 4.3ms
[2026-08-06T12:16:09Z INFO  remote_display_client] Decoded: 22740 frames, 53.4 fps, avg decode 4.3ms
[2026-08-06T12:16:10Z INFO  remote_display_client] Decoded: 22800 frames, 53.4 fps, avg decode 4.3ms
[2026-08-06T12:16:11Z INFO  remote_display_client] Decoded: 22860 frames, 53.4 fps, avg decode 4.3ms
[2026-08-06T12:16:12Z INFO  remote_display_client] Decoded: 22920 frames, 53.4 fps, avg decode 4.3ms
[2026-08-06T12:16:13Z INFO  remote_display_client] Decoded: 22980 frames, 53.4 fps, avg decode 4.3ms
[2026-08-06T12:16:14Z INFO  remote_display_client] Decoded: 23040 frames, 53.4 fps, avg decode 4.3ms
[2026-08-06T12:16:15Z INFO  remote_display_client] Decoded: 23100 frames, 53.4 fps, avg decode 4.3ms
[2026-08-06T12:16:16Z INFO  remote_display_client] Decoded: 23160 frames, 53.5 fps, avg decode 4.3ms
[2026-08-06T12:16:18Z INFO  remote_display_client] Decoded: 23220 frames, 53.5 fps, avg decode 4.3ms
[2026-08-06T12:16:19Z INFO  remote_display_client] Decoded: 23280 frames, 53.5 fps, avg decode 4.3ms
[2026-08-06T12:16:20Z INFO  remote_display_client] Decoded: 23340 frames, 53.5 fps, avg decode 4.3ms
[2026-08-06T12:16:21Z INFO  remote_display_client] Decoded: 23400 frames, 53.5 fps, avg decode 4.3ms
[2026-08-06T12:16:22Z INFO  remote_display_client] Decoded: 23460 frames, 53.5 fps, avg decode 4.3ms
[2026-08-06T12:16:23Z INFO  remote_display_client] Decoded: 23520 frames, 53.5 fps, avg decode 4.3ms
[2026-08-06T12:16:24Z INFO  remote_display_client] Decoded: 23580 frames, 53.5 fps, avg decode 4.3ms
[2026-08-06T12:16:25Z INFO  remote_display_client] Decoded: 23640 frames, 53.5 fps, avg decode 4.3ms
[2026-08-06T12:16:26Z INFO  remote_display_client] Decoded: 23700 frames, 53.5 fps, avg decode 4.3ms
[2026-08-06T12:16:27Z INFO  remote_display_client] Decoded: 23760 frames, 53.5 fps, avg decode 4.3ms
[2026-08-06T12:16:28Z INFO  remote_display_client] Decoded: 23820 frames, 53.5 fps, avg decode 4.3ms
[2026-08-06T12:16:29Z INFO  remote_display_client] Decoded: 23880 frames, 53.5 fps, avg decode 4.3ms
[2026-08-06T12:16:31Z INFO  remote_display_client] Decoded: 23940 frames, 53.5 fps, avg decode 4.3ms
[2026-08-06T12:16:32Z INFO  remote_display_client] Decoded: 24000 frames, 53.5 fps, avg decode 4.3ms
[2026-08-06T12:16:33Z INFO  remote_display_client] Decoded: 24060 frames, 53.5 fps, avg decode 4.3ms
[2026-08-06T12:16:34Z INFO  remote_display_client] Decoded: 24120 frames, 53.5 fps, avg decode 4.3ms
[2026-08-06T12:16:35Z INFO  remote_display_client] Decoded: 24180 frames, 53.5 fps, avg decode 4.3ms
[2026-08-06T12:16:36Z INFO  remote_display_client] Decoded: 24240 frames, 53.5 fps, avg decode 4.3ms
[2026-08-06T12:16:37Z INFO  remote_display_client] Decoded: 24300 frames, 53.5 fps, avg decode 4.3ms
[2026-08-06T12:16:39Z INFO  remote_display_client] Decoded: 24360 frames, 53.4 fps, avg decode 4.3ms
[2026-08-06T12:16:40Z INFO  remote_display_client] Decoded: 24420 frames, 53.4 fps, avg decode 4.3ms
[2026-08-06T12:16:41Z INFO  remote_display_client] Decoded: 24480 frames, 53.4 fps, avg decode 4.3ms
[2026-08-06T12:16:43Z INFO  remote_display_client] Decoded: 24540 frames, 53.4 fps, avg decode 4.3ms
[2026-08-06T12:16:44Z INFO  remote_display_client] Decoded: 24600 frames, 53.4 fps, avg decode 4.3ms
[2026-08-06T12:16:45Z INFO  remote_display_client] Decoded: 24660 frames, 53.3 fps, avg decode 4.3ms
[2026-08-06T12:16:47Z INFO  remote_display_client] Decoded: 24720 frames, 53.3 fps, avg decode 4.3ms
[2026-08-06T12:16:48Z INFO  remote_display_client] Decoded: 24780 frames, 53.3 fps, avg decode 4.3ms
[2026-08-06T12:16:49Z INFO  remote_display_client] Decoded: 24840 frames, 53.3 fps, avg decode 4.3ms
[2026-08-06T12:16:50Z INFO  remote_display_client] Decoded: 24900 frames, 53.3 fps, avg decode 4.3ms
[2026-08-06T12:16:51Z INFO  remote_display_client] Decoded: 24960 frames, 53.3 fps, avg decode 4.3ms
[2026-08-06T12:16:53Z INFO  remote_display_client] Decoded: 25020 frames, 53.2 fps, avg decode 4.3ms
[2026-08-06T12:16:54Z INFO  remote_display_client] Decoded: 25080 frames, 53.2 fps, avg decode 4.3ms
[2026-08-06T12:16:55Z INFO  remote_display_client] Decoded: 25140 frames, 53.2 fps, avg decode 4.3ms
[2026-08-06T12:16:57Z INFO  remote_display_client] Decoded: 25200 frames, 53.2 fps, avg decode 4.3ms
[2026-08-06T12:16:58Z INFO  remote_display_client] Decoded: 25260 frames, 53.2 fps, avg decode 4.3ms
[2026-08-06T12:16:59Z INFO  remote_display_client] Decoded: 25320 frames, 53.2 fps, avg decode 4.3ms
[2026-08-06T12:17:00Z INFO  remote_display_client] Decoded: 25380 frames, 53.2 fps, avg decode 4.3ms
[2026-08-06T12:17:01Z INFO  remote_display_client] Decoded: 25440 frames, 53.2 fps, avg decode 4.3ms
[2026-08-06T12:17:03Z INFO  remote_display_client] Decoded: 25500 frames, 53.2 fps, avg decode 4.3ms
[2026-08-06T12:17:04Z INFO  remote_display_client] Decoded: 25560 frames, 53.2 fps, avg decode 4.3ms
[2026-08-06T12:17:05Z INFO  remote_display_client] Decoded: 25620 frames, 53.2 fps, avg decode 4.3ms
[2026-08-06T12:17:06Z INFO  remote_display_client] Decoded: 25680 frames, 53.2 fps, avg decode 4.3ms
[2026-08-06T12:17:08Z INFO  remote_display_client] Decoded: 25740 frames, 53.1 fps, avg decode 4.3ms
[2026-08-06T12:17:09Z INFO  remote_display_client] Decoded: 25800 frames, 53.1 fps, avg decode 4.3ms
[2026-08-06T12:17:11Z INFO  remote_display_client] Decoded: 25860 frames, 53.0 fps, avg decode 4.3ms
[2026-08-06T12:17:12Z INFO  remote_display_client] Decoded: 25920 frames, 53.0 fps, avg decode 4.3ms
[2026-08-06T12:17:13Z INFO  remote_display_client] Decoded: 25980 frames, 53.0 fps, avg decode 4.3ms
[2026-08-06T12:17:15Z INFO  remote_display_client] Decoded: 26040 frames, 53.0 fps, avg decode 4.3ms
[2026-08-06T12:17:16Z INFO  remote_display_client] Decoded: 26100 frames, 53.0 fps, avg decode 4.3ms
[2026-08-06T12:17:17Z INFO  remote_display_client] Decoded: 26160 frames, 52.9 fps, avg decode 4.3ms
[2026-08-06T12:17:18Z INFO  remote_display_client] Decoded: 26220 frames, 52.9 fps, avg decode 4.3ms
[2026-08-06T12:17:20Z INFO  remote_display_client] Decoded: 26280 frames, 52.9 fps, avg decode 4.3ms
[2026-08-06T12:17:21Z INFO  remote_display_client] Decoded: 26340 frames, 52.9 fps, avg decode 4.3ms
[2026-08-06T12:17:22Z INFO  remote_display_client] Decoded: 26400 frames, 52.9 fps, avg decode 4.3ms
[2026-08-06T12:17:23Z INFO  remote_display_client] Decoded: 26460 frames, 52.9 fps, avg decode 4.3ms
[2026-08-06T12:17:25Z INFO  remote_display_client] Decoded: 26520 frames, 52.9 fps, avg decode 4.3ms
[2026-08-06T12:17:26Z INFO  remote_display_client] Decoded: 26580 frames, 52.9 fps, avg decode 4.3ms
[2026-08-06T12:17:27Z INFO  remote_display_client] Decoded: 26640 frames, 52.9 fps, avg decode 4.3ms
[2026-08-06T12:17:29Z INFO  remote_display_client] Decoded: 26700 frames, 52.8 fps, avg decode 4.3ms
[2026-08-06T12:17:30Z INFO  remote_display_client] Decoded: 26760 frames, 52.8 fps, avg decode 4.3ms
[2026-08-06T12:17:31Z INFO  remote_display_client] Decoded: 26820 frames, 52.8 fps, avg decode 4.3ms
[2026-08-06T12:17:32Z INFO  remote_display_client] Decoded: 26880 frames, 52.8 fps, avg decode 4.3ms
[2026-08-06T12:17:34Z INFO  remote_display_client] Decoded: 26940 frames, 52.8 fps, avg decode 4.3ms
[2026-08-06T12:17:35Z INFO  remote_display_client] Decoded: 27000 frames, 52.8 fps, avg decode 4.3ms
[2026-08-06T12:17:36Z INFO  remote_display_client] Decoded: 27060 frames, 52.8 fps, avg decode 4.3ms
[2026-08-06T12:17:37Z INFO  remote_display_client] Decoded: 27120 frames, 52.7 fps, avg decode 4.3ms
[2026-08-06T12:17:39Z INFO  remote_display_client] Decoded: 27180 frames, 52.7 fps, avg decode 4.3ms
[2026-08-06T12:17:40Z INFO  remote_display_client] Decoded: 27240 frames, 52.7 fps, avg decode 4.3ms
[2026-08-06T12:17:41Z INFO  remote_display_client] Decoded: 27300 frames, 52.7 fps, avg decode 4.3ms
[2026-08-06T12:17:43Z INFO  remote_display_client] Decoded: 27360 frames, 52.7 fps, avg decode 4.3ms
[2026-08-06T12:17:44Z INFO  remote_display_client] Decoded: 27420 frames, 52.7 fps, avg decode 4.3ms
[2026-08-06T12:17:45Z INFO  remote_display_client] Decoded: 27480 frames, 52.6 fps, avg decode 4.3ms
[2026-08-06T12:17:46Z INFO  remote_display_client] Decoded: 27540 frames, 52.6 fps, avg decode 4.3ms
[2026-08-06T12:17:48Z INFO  remote_display_client] Decoded: 27600 frames, 52.6 fps, avg decode 4.3ms
[2026-08-06T12:17:49Z INFO  remote_display_client] Decoded: 27660 frames, 52.6 fps, avg decode 4.3ms
[2026-08-06T12:17:50Z INFO  remote_display_client] Decoded: 27720 frames, 52.6 fps, avg decode 4.3ms
[2026-08-06T12:17:52Z INFO  remote_display_client] Decoded: 27780 frames, 52.6 fps, avg decode 4.3ms
[2026-08-06T12:17:53Z INFO  remote_display_client] Decoded: 27840 frames, 52.5 fps, avg decode 4.3ms
[2026-08-06T12:17:54Z INFO  remote_display_client] Decoded: 27900 frames, 52.5 fps, avg decode 4.3ms
[2026-08-06T12:17:56Z INFO  remote_display_client] Decoded: 27960 frames, 52.5 fps, avg decode 4.3ms
[2026-08-06T12:17:57Z INFO  remote_display_client] Decoded: 28020 frames, 52.5 fps, avg decode 4.3ms
[2026-08-06T12:17:58Z INFO  remote_display_client] Decoded: 28080 frames, 52.5 fps, avg decode 4.3ms
[2026-08-06T12:17:59Z INFO  remote_display_client] Decoded: 28140 frames, 52.5 fps, avg decode 4.3ms
[2026-08-06T12:18:01Z INFO  remote_display_client] Decoded: 28200 frames, 52.5 fps, avg decode 4.3ms
[2026-08-06T12:18:02Z INFO  remote_display_client] Decoded: 28260 frames, 52.4 fps, avg decode 4.3ms
[2026-08-06T12:18:03Z INFO  remote_display_client] Decoded: 28320 frames, 52.4 fps, avg decode 4.3ms
[2026-08-06T12:18:04Z INFO  remote_display_client] Decoded: 28380 frames, 52.4 fps, avg decode 4.3ms
[2026-08-06T12:18:06Z INFO  remote_display_client] Decoded: 28440 frames, 52.4 fps, avg decode 4.3ms
[2026-08-06T12:18:07Z INFO  remote_display_client] Decoded: 28500 frames, 52.4 fps, avg decode 4.3ms
[2026-08-06T12:18:08Z INFO  remote_display_client] Decoded: 28560 frames, 52.4 fps, avg decode 4.3ms
[2026-08-06T12:18:09Z INFO  remote_display_client] Decoded: 28620 frames, 52.4 fps, avg decode 4.3ms
[2026-08-06T12:18:11Z INFO  remote_display_client] Decoded: 28680 frames, 52.4 fps, avg decode 4.3ms
[2026-08-06T12:18:12Z INFO  remote_display_client] Decoded: 28740 frames, 52.4 fps, avg decode 4.3ms
[2026-08-06T12:18:13Z INFO  remote_display_client] Decoded: 28800 frames, 52.3 fps, avg decode 4.3ms
[2026-08-06T12:18:15Z INFO  remote_display_client] Decoded: 28860 frames, 52.3 fps, avg decode 4.3ms
[2026-08-06T12:18:16Z INFO  remote_display_client] Decoded: 28920 frames, 52.3 fps, avg decode 4.3ms
[2026-08-06T12:18:17Z INFO  remote_display_client] Decoded: 28980 frames, 52.3 fps, avg decode 4.3ms
[2026-08-06T12:18:18Z INFO  remote_display_client] Decoded: 29040 frames, 52.3 fps, avg decode 4.3ms
[2026-08-06T12:18:19Z INFO  remote_display_client] Decoded: 29100 frames, 52.3 fps, avg decode 4.3ms
[2026-08-06T12:18:21Z INFO  remote_display_client] Decoded: 29160 frames, 52.3 fps, avg decode 4.3ms
[2026-08-06T12:18:22Z INFO  remote_display_client] Decoded: 29220 frames, 52.3 fps, avg decode 4.3ms
[2026-08-06T12:18:23Z INFO  remote_display_client] Decoded: 29280 frames, 52.3 fps, avg decode 4.3ms
[2026-08-06T12:18:25Z INFO  remote_display_client] Decoded: 29340 frames, 52.2 fps, avg decode 4.3ms
[2026-08-06T12:18:26Z INFO  remote_display_client] Decoded: 29400 frames, 52.2 fps, avg decode 4.3ms
[2026-08-06T12:18:27Z INFO  remote_display_client] Decoded: 29460 frames, 52.2 fps, avg decode 4.3ms
[2026-08-06T12:18:28Z INFO  remote_display_client] Decoded: 29520 frames, 52.2 fps, avg decode 4.3ms
[2026-08-06T12:18:29Z INFO  remote_display_client] Decoded: 29580 frames, 52.2 fps, avg decode 4.3ms
[2026-08-06T12:18:31Z INFO  remote_display_client] Decoded: 29640 frames, 52.2 fps, avg decode 4.3ms
[2026-08-06T12:18:32Z INFO  remote_display_client] Decoded: 29700 frames, 52.2 fps, avg decode 4.3ms
[2026-08-06T12:18:33Z INFO  remote_display_client] Decoded: 29760 frames, 52.2 fps, avg decode 4.3ms
[2026-08-06T12:18:34Z INFO  remote_display_client] Decoded: 29820 frames, 52.2 fps, avg decode 4.3ms
[2026-08-06T12:18:35Z INFO  remote_display_client] Decoded: 29880 frames, 52.3 fps, avg decode 4.3ms
[2026-08-06T12:18:36Z INFO  remote_display_client] Decoded: 29940 frames, 52.2 fps, avg decode 4.3ms
[2026-08-06T12:18:38Z INFO  remote_display_client] Decoded: 30000 frames, 52.2 fps, avg decode 4.3ms
[2026-08-06T12:18:39Z INFO  remote_display_client] Decoded: 30060 frames, 52.2 fps, avg decode 4.3ms
[2026-08-06T12:18:40Z INFO  remote_display_client] Decoded: 30120 frames, 52.2 fps, avg decode 4.3ms
[2026-08-06T12:18:41Z INFO  remote_display_client] Decoded: 30180 frames, 52.2 fps, avg decode 4.3ms
[2026-08-06T12:18:42Z INFO  remote_display_client] Decoded: 30240 frames, 52.2 fps, avg decode 4.3ms
[2026-08-06T12:18:43Z INFO  remote_display_client] Decoded: 30300 frames, 52.2 fps, avg decode 4.3ms
[2026-08-06T12:18:45Z INFO  remote_display_client] Decoded: 30360 frames, 52.2 fps, avg decode 4.3ms
[2026-08-06T12:18:46Z INFO  remote_display_client] Decoded: 30420 frames, 52.2 fps, avg decode 4.3ms
[2026-08-06T12:18:48Z ERROR net_transport::video_receiver] UDP recv error: Interrupted system call (os error 4)
[2026-08-06T12:18:48Z INFO  net_transport::video_receiver] Video receiver stopped: 795930 packets, 0 dropped, 31288 completed frames, 876 dropped frames
[2026-08-06T12:18:48Z INFO  remote_display_client] Frame channel disconnected
[2026-08-06T12:18:48Z INFO  remote_display_client] Decode stopped (shutdown signal): 30450 frames
--- final 15 lines (incl. Recv stats) ---
[2026-08-06T12:18:45Z INFO  net_transport::video_receiver] Recv stats: 795000 packets, 0 dropped, 31218 assembled, 876 frame_drops
[2026-08-06T12:18:45Z INFO  net_transport::video_receiver] Recv stats: 795100 packets, 0 dropped, 31225 assembled, 876 frame_drops
[2026-08-06T12:18:45Z INFO  net_transport::video_receiver] Recv stats: 795200 packets, 0 dropped, 31232 assembled, 876 frame_drops
[2026-08-06T12:18:45Z INFO  net_transport::video_receiver] Recv stats: 795300 packets, 0 dropped, 31240 assembled, 876 frame_drops
[2026-08-06T12:18:46Z INFO  net_transport::video_receiver] Recv stats: 795400 packets, 0 dropped, 31247 assembled, 876 frame_drops
[2026-08-06T12:18:46Z INFO  net_transport::video_receiver] Recv stats: 795500 packets, 0 dropped, 31255 assembled, 876 frame_drops
[2026-08-06T12:18:46Z INFO  remote_display_client] Decoded: 30420 frames, 52.2 fps, avg decode 4.3ms
[2026-08-06T12:18:46Z INFO  net_transport::video_receiver] Recv stats: 795600 packets, 0 dropped, 31262 assembled, 876 frame_drops
[2026-08-06T12:18:46Z INFO  net_transport::video_receiver] Recv stats: 795700 packets, 0 dropped, 31270 assembled, 876 frame_drops
[2026-08-06T12:18:46Z INFO  net_transport::video_receiver] Recv stats: 795800 packets, 0 dropped, 31278 assembled, 876 frame_drops
[2026-08-06T12:18:46Z INFO  net_transport::video_receiver] Recv stats: 795900 packets, 0 dropped, 31285 assembled, 876 frame_drops
[2026-08-06T12:18:48Z ERROR net_transport::video_receiver] UDP recv error: Interrupted system call (os error 4)
[2026-08-06T12:18:48Z INFO  net_transport::video_receiver] Video receiver stopped: 795930 packets, 0 dropped, 31288 completed frames, 876 dropped frames
[2026-08-06T12:18:48Z INFO  remote_display_client] Frame channel disconnected
[2026-08-06T12:18:48Z INFO  remote_display_client] Decode stopped (shutdown signal): 30450 frames
