[HARNESS] RESC A0 harness sender starting...
[HARNESS] connect=192.168.50.47:9871 window=1 seconds=10 bitrate=20000000bps
[HARNESS] Connected to 192.168.50.47:9871, TCP_NODELAY=true
[RESC] Encoder started: HEVC 1080x1920, 20Mbps
[RESC] Encode: 300 frames, 5 KF, avg 6.8ms [HEVC]
[RESC] Encode: 600 frames, 10 KF, avg 7.1ms [HEVC]
[HARNESS] Generation complete (600 source frames) — draining outstanding ACKs...
[HARNESS] ACK recv error: errno=9
[RESC] Encoder stopped: 600 frames, 10 KF, avg 7.1ms [HEVC]
{
  "achieved_fps" : 51.200000000000003,
  "ack_order_violation" : 0,
  "bytes" : {
    "max" : 2293,
    "p50" : 371,
    "p95" : 374
  },
  "encode_ms" : {
    "max" : 22.776961326599121,
    "p50" : 6.4989328384399414,
    "p95" : 8.6950063705444336
  },
  "frames_acked" : 512,
  "frames_sent" : 512,
  "harness_report_v" : 2,
  "outstanding_at_end" : 0,
  "pending_replaced" : 88,
  "rtt_ms" : {
    "max" : 118.291,
    "p50" : 7.984,
    "p95" : 31.760999999999999
  },
  "seconds" : 10,
  "sender_integrity_pass" : true,
  "sustained_60hz" : true,
  "window" : 1,
  "write_errors" : 0
}
[HARNESS] Report written to /Users/moyunfei/Downloads/personal/AGI/remote_extended_screen/evidence/a00/wip/r3b-20260805041257-79823-send-2.json
[HARNESS] Done. frames_sent=512 frames_acked=512 pending_replaced=88 ack_order_violation=0 write_errors=0 outstanding_at_end=0 achieved_fps=51.2 sustained_60hz=true
