[HARNESS] RESC A0 harness sender starting...
[HARNESS] connect=192.168.50.47:9871 window=1 seconds=10 bitrate=20000000bps
[HARNESS] Connected to 192.168.50.47:9871, TCP_NODELAY=true
[RESC] Encoder started: HEVC 1080x1920, 20Mbps
[RESC] Encode: 300 frames, 5 KF, avg 6.8ms [HEVC]
[RESC] Encode: 600 frames, 10 KF, avg 7.3ms [HEVC]
[HARNESS] Generation complete (600 source frames) — draining outstanding ACKs...
[HARNESS] ACK recv error: errno=9
[RESC] Encoder stopped: 600 frames, 10 KF, avg 7.3ms [HEVC]
{
  "achieved_fps" : 59.700000000000003,
  "ack_order_violation" : 0,
  "bytes" : {
    "max" : 2293,
    "p50" : 371,
    "p95" : 374
  },
  "encode_ms" : {
    "max" : 21.545886993408203,
    "p50" : 7.6829195022583008,
    "p95" : 9.3070268630981445
  },
  "frames_acked" : 597,
  "frames_sent" : 597,
  "harness_report_v" : 2,
  "outstanding_at_end" : 0,
  "pending_replaced" : 3,
  "rtt_ms" : {
    "max" : 44.549999999999997,
    "p50" : 6.9669999999999996,
    "p95" : 8.9060000000000006
  },
  "seconds" : 10,
  "sender_integrity_pass" : true,
  "sustained_60hz" : true,
  "window" : 1,
  "write_errors" : 0
}
[HARNESS] Report written to /Users/moyunfei/Downloads/personal/AGI/remote_extended_screen/evidence/a00/wip/r3b-20260805042609-81444-send-3.json
[HARNESS] Done. frames_sent=597 frames_acked=597 pending_replaced=3 ack_order_violation=0 write_errors=0 outstanding_at_end=0 achieved_fps=59.7 sustained_60hz=true
