[HARNESS] RESC A0 harness sender starting...
[HARNESS] connect=192.168.50.47:9871 window=1 seconds=10 bitrate=20000000bps
[HARNESS] Connected to 192.168.50.47:9871, TCP_NODELAY=true
[RESC] Encoder started: HEVC 1080x1920, 20Mbps
[RESC] Encode: 300 frames, 5 KF, avg 7.3ms [HEVC]
[RESC] Encode: 600 frames, 10 KF, avg 8.2ms [HEVC]
[HARNESS] Generation complete (600 source frames) — draining outstanding ACKs...
[HARNESS] ACK recv error: errno=9
[RESC] Encoder stopped: 600 frames, 10 KF, avg 8.2ms [HEVC]
{
  "achieved_fps" : 59.100000000000001,
  "ack_order_violation" : 0,
  "bytes" : {
    "max" : 2293,
    "p50" : 371,
    "p95" : 374
  },
  "encode_ms" : {
    "max" : 22.060990333557129,
    "p50" : 7.866978645324707,
    "p95" : 11.415004730224609
  },
  "frames_acked" : 591,
  "frames_sent" : 591,
  "harness_report_v" : 2,
  "outstanding_at_end" : 0,
  "pending_replaced" : 9,
  "rtt_ms" : {
    "max" : 114.84999999999999,
    "p50" : 7.2460000000000004,
    "p95" : 10.289
  },
  "seconds" : 10,
  "sender_integrity_pass" : true,
  "sustained_60hz" : true,
  "window" : 1,
  "write_errors" : 0
}
[HARNESS] Report written to /Users/moyunfei/Downloads/personal/AGI/remote_extended_screen/evidence/a00/wip/r3b-20260805042609-81444-send-2.json
[HARNESS] Done. frames_sent=591 frames_acked=591 pending_replaced=9 ack_order_violation=0 write_errors=0 outstanding_at_end=0 achieved_fps=59.1 sustained_60hz=true
