[HARNESS] RESC A0 harness sender starting...
[HARNESS] connect=192.168.50.47:9871 window=1 seconds=10 bitrate=20000000bps
[HARNESS] Connected to 192.168.50.47:9871, TCP_NODELAY=true
[RESC] Encoder started: HEVC 1080x1920, 20Mbps
[RESC] Encode: 300 frames, 5 KF, avg 6.0ms [HEVC]
[RESC] Encode: 600 frames, 10 KF, avg 6.7ms [HEVC]
[HARNESS] Generation complete (600 source frames) — draining outstanding ACKs...
[HARNESS] ACK recv error: errno=9
[RESC] Encoder stopped: 600 frames, 10 KF, avg 6.7ms [HEVC]
{
  "achieved_fps" : 48.5,
  "ack_order_violation" : 0,
  "bytes" : {
    "max" : 2293,
    "p50" : 371,
    "p95" : 374
  },
  "encode_ms" : {
    "max" : 22.965073585510254,
    "p50" : 5.9189796447753906,
    "p95" : 11.302947998046875
  },
  "frames_acked" : 485,
  "frames_sent" : 485,
  "harness_report_v" : 2,
  "outstanding_at_end" : 0,
  "pending_replaced" : 115,
  "rtt_ms" : {
    "max" : 372.27800000000002,
    "p50" : 7.8869999999999996,
    "p95" : 31.071000000000002
  },
  "seconds" : 10,
  "sender_integrity_pass" : true,
  "sustained_60hz" : true,
  "window" : 1,
  "write_errors" : 0
}
[HARNESS] Report written to /Users/moyunfei/Downloads/personal/AGI/remote_extended_screen/evidence/a00/wip/r3b-20260805042947-82162-send-1.json
[HARNESS] Done. frames_sent=485 frames_acked=485 pending_replaced=115 ack_order_violation=0 write_errors=0 outstanding_at_end=0 achieved_fps=48.5 sustained_60hz=true
