[HARNESS] RESC A0 harness sender starting...
[HARNESS] connect=192.168.50.47:9871 window=1 seconds=10 bitrate=20000000bps
[HARNESS] Connected to 192.168.50.47:9871, TCP_NODELAY=true
[RESC] Encoder started: HEVC 1080x1920, 20Mbps
[RESC] Encode: 300 frames, 5 KF, avg 6.9ms [HEVC]
[RESC] Encode: 600 frames, 10 KF, avg 7.4ms [HEVC]
[HARNESS] Generation complete (600 source frames) — draining outstanding ACKs...
[HARNESS] ACK recv error: errno=9
[RESC] Encoder stopped: 600 frames, 10 KF, avg 7.4ms [HEVC]
{
  "achieved_fps" : 59,
  "ack_order_violation" : 0,
  "bytes" : {
    "max" : 2293,
    "p50" : 371,
    "p95" : 374
  },
  "encode_ms" : {
    "max" : 21.636009216308594,
    "p50" : 7.7360868453979492,
    "p95" : 11.215090751647949
  },
  "frames_acked" : 590,
  "frames_sent" : 590,
  "harness_report_v" : 2,
  "outstanding_at_end" : 0,
  "pending_replaced" : 10,
  "rtt_ms" : {
    "max" : 103.40600000000001,
    "p50" : 7.0629999999999997,
    "p95" : 11.657
  },
  "seconds" : 10,
  "sender_integrity_pass" : true,
  "sustained_60hz" : true,
  "window" : 1,
  "write_errors" : 0
}
[HARNESS] Report written to /Users/moyunfei/Downloads/personal/AGI/remote_extended_screen/evidence/a00/wip/r3b-20260805041859-80615-send-3.json
[HARNESS] Done. frames_sent=590 frames_acked=590 pending_replaced=10 ack_order_violation=0 write_errors=0 outstanding_at_end=0 achieved_fps=59.0 sustained_60hz=true
