[HARNESS] RESC A0 harness sender starting...
[HARNESS] connect=192.168.50.47:9871 window=1 seconds=10 bitrate=20000000bps
[HARNESS] Connected to 192.168.50.47:9871, TCP_NODELAY=true
[RESC] Encoder started: HEVC 1080x1920, 20Mbps
[RESC] Encode: 300 frames, 5 KF, avg 6.4ms [HEVC]
[RESC] Encode: 600 frames, 10 KF, avg 6.4ms [HEVC]
[HARNESS] Generation complete (600 source frames) — draining outstanding ACKs...
[HARNESS] ACK recv error: errno=9
[RESC] Encoder stopped: 600 frames, 10 KF, avg 6.4ms [HEVC]
{
  "achieved_fps" : 51.100000000000001,
  "ack_order_violation" : 0,
  "bytes" : {
    "max" : 2293,
    "p50" : 371,
    "p95" : 374
  },
  "encode_ms" : {
    "max" : 25.215029716491699,
    "p50" : 6.011962890625,
    "p95" : 7.9139471054077148
  },
  "frames_acked" : 511,
  "frames_sent" : 511,
  "harness_report_v" : 2,
  "outstanding_at_end" : 0,
  "pending_replaced" : 89,
  "rtt_ms" : {
    "max" : 140.89500000000001,
    "p50" : 8.016,
    "p95" : 28.628
  },
  "seconds" : 10,
  "sender_integrity_pass" : true,
  "sustained_60hz" : true,
  "window" : 1,
  "write_errors" : 0
}
[HARNESS] Report written to /Users/moyunfei/Downloads/personal/AGI/remote_extended_screen/evidence/a00/wip/r3b-20260805040520-78050-send-3.json
[HARNESS] Done. frames_sent=511 frames_acked=511 pending_replaced=89 ack_order_violation=0 write_errors=0 outstanding_at_end=0 achieved_fps=51.1 sustained_60hz=true
